Initializing Scrcpy Client for control testing...
Starting client...
Deploying server from /home/ac/pyGeminiScrcpy/scrcpy-server...
Starting server...
Waiting for server to initialize...
Server appears to be running...
Connecting to server on port 27183...
✓ Video socket connected on attempt 1
Waiting for dummy byte...
✓ Received dummy byte: 0x00
Connecting control socket...
✓ Control socket connected
Receiving device metadata...
✓ Connected to device: 2407FPN8EG
Receiving video codec metadata...
✓ Video codec: Unknown(1748121140)
✓ Resolution: 360x800
✓ Connection established successfully!
Waiting for connection...
Connected! Resolution: (360, 800)

1. Testing Tap at center (180, 400)...

2. Testing Scroll Down...
   Testing Scroll Up...
Control send error: [Errno 32] Broken pipe

3. Testing Home Button...
Control send error: [Errno 32] Broken pipe
Control send error: [Errno 32] Broken pipe
   Testing Back Button...
Control send error: [Errno 32] Broken pipe
Control send error: [Errno 32] Broken pipe

4. Testing Text Injection ('Hello Scrcpy')...
Control send error: [Errno 32] Broken pipe
   Done.

All tests sent. Observe your device for actions.
Stopping client...
Scrcpy client stopped
